// Jest Snapshot v1, https://goo.gl/fbAQLP

exports[`renders correctly 1`] = `
<View
  style={
    Array [
      Array [
        Object {
          "display": "flex",
        },
        Object {
          "width": "100%",
        },
        Object {
          "borderBottomLeftRadius": 6,
          "borderBottomRightRadius": 6,
          "borderTopLeftRadius": 6,
          "borderTopRightRadius": 6,
        },
        Object {
          "borderBottomWidth": 1,
          "borderLeftWidth": 1,
          "borderRightWidth": 1,
          "borderTopWidth": 1,
        },
        Object {
          "marginBottom": 8,
        },
        Object {
          "overflow": "hidden",
        },
      ],
    ]
  }
>
  <View
    style={
      Array [
        Array [
          Object {
            "display": "flex",
          },
          Object {
            "width": "100%",
          },
          Object {
            "paddingBottom": 8,
            "paddingLeft": 8,
            "paddingRight": 8,
            "paddingTop": 8,
          },
          Object {
            "backgroundColor": "#9333ea",
          },
        ],
      ]
    }
  >
    <Text
      style={
        Array [
          Array [
            Object {
              "color": "#fff",
            },
            Object {
              "fontWeight": "700",
            },
          ],
        ]
      }
    >
      Contract 
      123456
    </Text>
  </View>
  <View
    style={
      Array [
        Array [
          Object {
            "display": "flex",
          },
          Object {
            "flexDirection": "row",
          },
          Object {
            "flexWrap": "wrap",
          },
          Object {
            "width": "100%",
          },
          Object {
            "paddingBottom": 4,
            "paddingLeft": 4,
            "paddingRight": 4,
            "paddingTop": 4,
          },
        ],
      ]
    }
  >
    <View
      style={
        Array [
          Array [
            Object {
              "display": "flex",
            },
            Object {
              "width": "33.333333%",
            },
            Object {
              "paddingBottom": 2,
              "paddingLeft": 2,
              "paddingRight": 2,
              "paddingTop": 2,
            },
          ],
        ]
      }
    >
      <Text>
        naam
      </Text>
    </View>
    <View
      style={
        Array [
          Array [
            Object {
              "display": "flex",
            },
            Object {
              "width": "66.666667%",
            },
            Object {
              "paddingBottom": 2,
              "paddingLeft": 2,
              "paddingRight": 2,
              "paddingTop": 2,
            },
          ],
        ]
      }
    >
      <Text>
        test
      </Text>
    </View>
  </View>
  <View
    style={
      Array [
        Array [
          Object {
            "display": "flex",
          },
          Object {
            "flexDirection": "row",
          },
          Object {
            "flexWrap": "wrap",
          },
          Object {
            "width": "100%",
          },
          Object {
            "paddingBottom": 4,
            "paddingLeft": 4,
            "paddingRight": 4,
            "paddingTop": 4,
          },
        ],
      ]
    }
  >
    <View
      style={
        Array [
          Array [
            Object {
              "display": "flex",
            },
            Object {
              "width": "33.333333%",
            },
            Object {
              "paddingBottom": 2,
              "paddingLeft": 2,
              "paddingRight": 2,
              "paddingTop": 2,
            },
          ],
        ]
      }
    >
      <Text>
        project
      </Text>
    </View>
    <View
      style={
        Array [
          Array [
            Object {
              "display": "flex",
            },
            Object {
              "width": "66.666667%",
            },
            Object {
              "paddingBottom": 2,
              "paddingLeft": 2,
              "paddingRight": 2,
              "paddingTop": 2,
            },
          ],
        ]
      }
    >
      <Text>
        street | city
      </Text>
    </View>
  </View>
  <View
    style={
      Array [
        Array [
          Object {
            "display": "flex",
          },
          Object {
            "flexDirection": "row",
          },
          Object {
            "flexWrap": "wrap",
          },
          Object {
            "width": "100%",
          },
          Object {
            "paddingBottom": 4,
            "paddingLeft": 4,
            "paddingRight": 4,
            "paddingTop": 4,
          },
        ],
      ]
    }
  >
    <View
      style={
        Array [
          Array [
            Object {
              "display": "flex",
            },
            Object {
              "width": "33.333333%",
            },
            Object {
              "paddingBottom": 2,
              "paddingLeft": 2,
              "paddingRight": 2,
              "paddingTop": 2,
            },
          ],
        ]
      }
    >
      <Text>
        Jouw referentie
      </Text>
    </View>
    <View
      style={
        Array [
          Array [
            Object {
              "display": "flex",
            },
            Object {
              "width": "66.666667%",
            },
            Object {
              "paddingBottom": 2,
              "paddingLeft": 2,
              "paddingRight": 2,
              "paddingTop": 2,
            },
          ],
        ]
      }
    >
      <Text>
        test reference
      </Text>
    </View>
  </View>
  <View
    style={
      Array [
        Array [
          Object {
            "display": "flex",
          },
          Object {
            "flexDirection": "row",
          },
          Object {
            "flexWrap": "wrap",
          },
          Object {
            "width": "100%",
          },
          Object {
            "paddingBottom": 4,
            "paddingLeft": 4,
            "paddingRight": 4,
            "paddingTop": 4,
          },
        ],
      ]
    }
  >
    <View
      style={
        Array [
          Array [
            Object {
              "display": "flex",
            },
            Object {
              "width": "33.333333%",
            },
            Object {
              "paddingBottom": 2,
              "paddingLeft": 2,
              "paddingRight": 2,
              "paddingTop": 2,
            },
          ],
        ]
      }
    >
      <Text>
        Locatie
      </Text>
    </View>
    <View
      style={
        Array [
          Array [
            Object {
              "display": "flex",
            },
            Object {
              "width": "66.666667%",
            },
            Object {
              "paddingBottom": 2,
              "paddingLeft": 2,
              "paddingRight": 2,
              "paddingTop": 2,
            },
          ],
        ]
      }
    >
      <Text>
        street 13, city
      </Text>
    </View>
  </View>
</View>
`;
